// Jest Snapshot v1, https://goo.gl/fbAQLP

exports[`header column matches snapshot matches snapshot 1`] = `
<DocumentFragment>
  <div>
    Test
    <span
      aria-label="caret-down"
      class="anticon anticon-caret-down"
      role="img"
      tabindex="-1"
    >
      <svg
        aria-hidden="true"
        data-icon="caret-down"
        fill="currentColor"
        focusable="false"
        height="1em"
        viewBox="0 0 1024 1024"
        width="1em"
      >
        <path
          d="M840.4 300H183.6c-19.7 0-30.7 20.8-18.5 35l328.4 380.8c9.4 10.9 27.5 10.9 37 0L858.9 335c12.2-14.2 1.2-35-18.5-35z"
        />
      </svg>
    </span>
  </div>
</DocumentFragment>
`;

exports[`header page matches snapshot matches snapshot 1`] = `
<DocumentFragment>
  <div>
    <div>
      <div>
        <div>
          Erstellt am: Jan 3, 2023 1:55 PM von: test2
        </div>
      </div>
      <div>
        <div>
          Geändert am: Jan 3, 2023 1:55 PM von: test2
        </div>
      </div>
    </div>
  </div>
</DocumentFragment>
`;

exports[`header page matches snapshot matches snapshot 2`] = `
<DocumentFragment>
  <div>
    <div
      class="undefined undefined"
    >
      <div>
        <div>
          <h2>
            Tests
          </h2>
        </div>
      </div>
      <div>
        <div />
      </div>
      <div>
        <div />
        <div
          class="undefined undefined"
        >
          <button
            class="ant-btn ant-btn-circle ant-btn-default ant-btn-icon-only"
            title="Neu"
            type="button"
          >
            <span
              aria-label="plus-circle"
              class="anticon anticon-plus-circle"
              role="img"
            >
              <svg
                aria-hidden="true"
                data-icon="plus-circle"
                fill="currentColor"
                focusable="false"
                height="1em"
                viewBox="64 64 896 896"
                width="1em"
              >
                <path
                  d="M696 480H544V328c0-4.4-3.6-8-8-8h-48c-4.4 0-8 3.6-8 8v152H328c-4.4 0-8 3.6-8 8v48c0 4.4 3.6 8 8 8h152v152c0 4.4 3.6 8 8 8h48c4.4 0 8-3.6 8-8V544h152c4.4 0 8-3.6 8-8v-48c0-4.4-3.6-8-8-8z"
                />
                <path
                  d="M512 64C264.6 64 64 264.6 64 512s200.6 448 448 448 448-200.6 448-448S759.4 64 512 64zm0 820c-205.4 0-372-166.6-372-372s166.6-372 372-372 372 166.6 372 372-166.6 372-372 372z"
                />
              </svg>
            </span>
          </button>
        </div>
        <div />
      </div>
    </div>
    <div
      class="ant-spin-nested-loading"
    >
      <div
        class="ant-spin-container"
      >
        <div
          class="ant-list ant-list-sm ant-list-split ant-list-bordered"
        >
          <div
            class="ant-list-header"
          >
            <div>
              <div />
            </div>
            <div />
          </div>
          <div
            class="ant-spin-nested-loading"
          >
            <div
              class="ant-spin-container"
            >
              <ul
                class="ant-list-items"
              >
                <li
                  class="ant-list-item"
                >
                  <div>
                    <div>
                      <div
                        class="undefined undefined"
                      >
                        <div />
                      </div>
                    </div>
                    <div>
                      <div>
                        <span
                          class="ant-popover-disabled-compatible-wrapper"
                          style="display: inline-block; cursor: not-allowed;"
                        >
                          <button
                            class="ant-btn ant-btn-circle ant-btn-default ant-btn-icon-only"
                            disabled=""
                            style="pointer-events: none;"
                            title="Eintrag löschen..."
                            type="button"
                          >
                            <span
                              aria-label="delete"
                              class="anticon anticon-delete"
                              role="img"
                            >
                              <svg
                                aria-hidden="true"
                                data-icon="delete"
                                fill="currentColor"
                                focusable="false"
                                height="1em"
                                viewBox="64 64 896 896"
                                width="1em"
                              >
                                <path
                                  d="M360 184h-8c4.4 0 8-3.6 8-8v8h304v-8c0 4.4 3.6 8 8 8h-8v72h72v-80c0-35.3-28.7-64-64-64H352c-35.3 0-64 28.7-64 64v80h72v-72zm504 72H160c-17.7 0-32 14.3-32 32v32c0 4.4 3.6 8 8 8h60.4l24.7 523c1.6 34.1 29.8 61 63.9 61h454c34.2 0 62.3-26.8 63.9-61l24.7-523H888c4.4 0 8-3.6 8-8v-32c0-17.7-14.3-32-32-32zM731.3 840H292.7l-24.2-512h487l-24.2 512z"
                                />
                              </svg>
                            </span>
                          </button>
                        </span>
                      </div>
                    </div>
                  </div>
                </li>
                <li
                  class="ant-list-item"
                >
                  <div>
                    <div>
                      <div
                        class="undefined undefined"
                      >
                        <div />
                      </div>
                    </div>
                    <div>
                      <div>
                        <span
                          class="ant-popover-disabled-compatible-wrapper"
                          style="display: inline-block; cursor: not-allowed;"
                        >
                          <button
                            class="ant-btn ant-btn-circle ant-btn-default ant-btn-icon-only"
                            disabled=""
                            style="pointer-events: none;"
                            title="Eintrag löschen..."
                            type="button"
                          >
                            <span
                              aria-label="delete"
                              class="anticon anticon-delete"
                              role="img"
                            >
                              <svg
                                aria-hidden="true"
                                data-icon="delete"
                                fill="currentColor"
                                focusable="false"
                                height="1em"
                                viewBox="64 64 896 896"
                                width="1em"
                              >
                                <path
                                  d="M360 184h-8c4.4 0 8-3.6 8-8v8h304v-8c0 4.4 3.6 8 8 8h-8v72h72v-80c0-35.3-28.7-64-64-64H352c-35.3 0-64 28.7-64 64v80h72v-72zm504 72H160c-17.7 0-32 14.3-32 32v32c0 4.4 3.6 8 8 8h60.4l24.7 523c1.6 34.1 29.8 61 63.9 61h454c34.2 0 62.3-26.8 63.9-61l24.7-523H888c4.4 0 8-3.6 8-8v-32c0-17.7-14.3-32-32-32zM731.3 840H292.7l-24.2-512h487l-24.2 512z"
                                />
                              </svg>
                            </span>
                          </button>
                        </span>
                      </div>
                    </div>
                  </div>
                </li>
                <li
                  class="ant-list-item"
                >
                  <div>
                    <div>
                      <div
                        class="undefined undefined"
                      >
                        <div />
                      </div>
                    </div>
                    <div>
                      <div>
                        <span
                          class="ant-popover-disabled-compatible-wrapper"
                          style="display: inline-block; cursor: not-allowed;"
                        >
                          <button
                            class="ant-btn ant-btn-circle ant-btn-default ant-btn-icon-only"
                            disabled=""
                            style="pointer-events: none;"
                            title="Eintrag löschen..."
                            type="button"
                          >
                            <span
                              aria-label="delete"
                              class="anticon anticon-delete"
                              role="img"
                            >
                              <svg
                                aria-hidden="true"
                                data-icon="delete"
                                fill="currentColor"
                                focusable="false"
                                height="1em"
                                viewBox="64 64 896 896"
                                width="1em"
                              >
                                <path
                                  d="M360 184h-8c4.4 0 8-3.6 8-8v8h304v-8c0 4.4 3.6 8 8 8h-8v72h72v-80c0-35.3-28.7-64-64-64H352c-35.3 0-64 28.7-64 64v80h72v-72zm504 72H160c-17.7 0-32 14.3-32 32v32c0 4.4 3.6 8 8 8h60.4l24.7 523c1.6 34.1 29.8 61 63.9 61h454c34.2 0 62.3-26.8 63.9-61l24.7-523H888c4.4 0 8-3.6 8-8v-32c0-17.7-14.3-32-32-32zM731.3 840H292.7l-24.2-512h487l-24.2 512z"
                                />
                              </svg>
                            </span>
                          </button>
                        </span>
                      </div>
                    </div>
                  </div>
                </li>
              </ul>
            </div>
          </div>
        </div>
      </div>
    </div>
  </div>
</DocumentFragment>
`;
